2024-09-19 14:48:41.207200: I tensorflow/stream_executor/platform/default/dso_loader.cc:44] Successfully opened dynamic library libcuda.so.1
2024-09-19 14:48:41.322364: I tensorflow/core/common_runtime/gpu/gpu_device.cc:1561] Found device 0 with properties: 
pciBusID: 0000:86:00.0 name: Tesla V100-SXM2-32GB computeCapability: 7.0
coreClock: 1.53GHz coreCount: 80 deviceMemorySize: 31.74GiB deviceMemoryBandwidth: 836.37GiB/s
2024-09-19 14:48:41.339386: I tensorflow/stream_executor/platform/default/dso_loader.cc:44] Successfully opened dynamic library libcudart.so.10.1
2024-09-19 14:48:41.402199: I tensorflow/stream_executor/platform/default/dso_loader.cc:44] Successfully opened dynamic library libcublas.so.10
2024-09-19 14:48:41.604161: I tensorflow/stream_executor/platform/default/dso_loader.cc:44] Successfully opened dynamic library libcufft.so.10
2024-09-19 14:48:41.642423: I tensorflow/stream_executor/platform/default/dso_loader.cc:44] Successfully opened dynamic library libcurand.so.10
2024-09-19 14:48:41.680633: I tensorflow/stream_executor/platform/default/dso_loader.cc:44] Successfully opened dynamic library libcusolver.so.10
2024-09-19 14:48:41.847244: I tensorflow/stream_executor/platform/default/dso_loader.cc:44] Successfully opened dynamic library libcusparse.so.10
2024-09-19 14:48:41.983689: I tensorflow/stream_executor/platform/default/dso_loader.cc:44] Successfully opened dynamic library libcudnn.so.7
2024-09-19 14:48:41.985591: I tensorflow/core/common_runtime/gpu/gpu_device.cc:1703] Adding visible gpu devices: 0
2024-09-19 14:48:41.986372: I tensorflow/core/platform/cpu_feature_guard.cc:143] Your CPU supports instructions that this TensorFlow binary was not compiled to use: SSE4.1 SSE4.2 AVX AVX2 FMA
2024-09-19 14:48:41.999938: I tensorflow/core/platform/profile_utils/cpu_utils.cc:102] CPU Frequency: 2194995000 Hz
2024-09-19 14:48:42.001011: I tensorflow/compiler/xla/service/service.cc:168] XLA service 0x55e82bb1e330 initialized for platform Host (this does not guarantee that XLA will be used). Devices:
2024-09-19 14:48:42.001104: I tensorflow/compiler/xla/service/service.cc:176]   StreamExecutor device (0): Host, Default Version
2024-09-19 14:48:42.002281: I tensorflow/core/common_runtime/gpu/gpu_device.cc:1561] Found device 0 with properties: 
pciBusID: 0000:86:00.0 name: Tesla V100-SXM2-32GB computeCapability: 7.0
coreClock: 1.53GHz coreCount: 80 deviceMemorySize: 31.74GiB deviceMemoryBandwidth: 836.37GiB/s
2024-09-19 14:48:42.002371: I tensorflow/stream_executor/platform/default/dso_loader.cc:44] Successfully opened dynamic library libcudart.so.10.1
2024-09-19 14:48:42.002429: I tensorflow/stream_executor/platform/default/dso_loader.cc:44] Successfully opened dynamic library libcublas.so.10
2024-09-19 14:48:42.002481: I tensorflow/stream_executor/platform/default/dso_loader.cc:44] Successfully opened dynamic library libcufft.so.10
2024-09-19 14:48:42.002550: I tensorflow/stream_executor/platform/default/dso_loader.cc:44] Successfully opened dynamic library libcurand.so.10
2024-09-19 14:48:42.002605: I tensorflow/stream_executor/platform/default/dso_loader.cc:44] Successfully opened dynamic library libcusolver.so.10
2024-09-19 14:48:42.002655: I tensorflow/stream_executor/platform/default/dso_loader.cc:44] Successfully opened dynamic library libcusparse.so.10
2024-09-19 14:48:42.002705: I tensorflow/stream_executor/platform/default/dso_loader.cc:44] Successfully opened dynamic library libcudnn.so.7
2024-09-19 14:48:42.004261: I tensorflow/core/common_runtime/gpu/gpu_device.cc:1703] Adding visible gpu devices: 0
2024-09-19 14:48:42.004377: I tensorflow/stream_executor/platform/default/dso_loader.cc:44] Successfully opened dynamic library libcudart.so.10.1
2024-09-19 14:48:42.157681: I tensorflow/core/common_runtime/gpu/gpu_device.cc:1102] Device interconnect StreamExecutor with strength 1 edge matrix:
2024-09-19 14:48:42.157772: I tensorflow/core/common_runtime/gpu/gpu_device.cc:1108]      0 
2024-09-19 14:48:42.160403: I tensorflow/core/common_runtime/gpu/gpu_device.cc:1121] 0:   N 
2024-09-19 14:48:42.162618: I tensorflow/core/common_runtime/gpu/gpu_device.cc:1247] Created TensorFlow device (/job:localhost/replica:0/task:0/device:GPU:0 with 30259 MB memory) -> physical GPU (device: 0, name: Tesla V100-SXM2-32GB, pci bus id: 0000:86:00.0, compute capability: 7.0)
2024-09-19 14:48:42.174870: I tensorflow/compiler/xla/service/service.cc:168] XLA service 0x55e82c57bb20 initialized for platform CUDA (this does not guarantee that XLA will be used). Devices:
2024-09-19 14:48:42.174923: I tensorflow/compiler/xla/service/service.cc:176]   StreamExecutor device (0): Tesla V100-SXM2-32GB, Compute Capability 7.0
2024-09-19 14:48:49.664369: I tensorflow/stream_executor/platform/default/dso_loader.cc:44] Successfully opened dynamic library libcublas.so.10
2024-09-19 14:48:50.122337: I tensorflow/stream_executor/platform/default/dso_loader.cc:44] Successfully opened dynamic library libcudnn.so.7
label error T0100
label error T10001
label error T1111
label error T1111
label error T10011
label error T0100
label error T1110
label error T10011
label error T0100
label error T1110
label error T0100
label error T0100
label error T10001
label error T0100
Classification Report:
              precision    recall  f1-score   support

       T0000       0.90      0.94      0.92       600
       T0001       0.92      0.97      0.95       900
       T0010       0.94      0.93      0.93       900
       T0011       0.90      0.90      0.90       750
       T0101       0.88      0.88      0.88       900
       T0110       0.96      0.95      0.96       600
       T0111       0.88      0.88      0.88       900
       T1000       0.99      0.95      0.97       600
      T10000       0.94      0.96      0.95       600
       T1001       0.90      0.90      0.90       900
      T10010       1.00      1.00      1.00       600
       T1010       0.87      0.93      0.90       600
      T10100       1.00      1.00      1.00       600
      T10101       0.89      0.92      0.90       600
       T1011       0.92      0.86      0.89       600
      T10110       0.88      0.94      0.91       600
      T10111       0.92      0.93      0.92       600
       T1100       0.97      0.89      0.93       600
      T11000       0.97      0.89      0.93       600
       T1101       0.95      0.94      0.94       600

    accuracy                           0.93     13650
   macro avg       0.93      0.93      0.93     13650
weighted avg       0.93      0.93      0.93     13650

